../Core/Src/main.c:101:5:main	8	static
../Core/Src/main.c:189:6:SystemClock_Config	88	static
../Core/Src/main.c:236:13:MX_ADC2_Init	40	static
../Core/Src/main.c:430:13:MX_FDCAN1_Init	8	static
../Core/Src/main.c:476:13:MX_DMA_Init	16	static
../Core/Src/main.c:495:13:MX_GPIO_Init	48	static
../Core/Src/main.c:534:6:xReadTempFunction	24	static
../Core/Src/main.c:576:6:xSendCANFunction	16	static
../Core/Src/main.c:609:6:HAL_TIM_PeriodElapsedCallback	16	static
../Core/Src/main.c:627:6:Error_Handler	8	static,ignoring_inline_asm
