../Core/Src/main.c:101:5:main	8	static
../Core/Src/main.c:186:6:SystemClock_Config	88	static
../Core/Src/main.c:233:13:MX_ADC2_Init	40	static
../Core/Src/main.c:427:13:MX_FDCAN1_Init	8	static
../Core/Src/main.c:473:13:MX_DMA_Init	16	static
../Core/Src/main.c:492:13:MX_GPIO_Init	48	static
../Core/Src/main.c:521:6:HAL_ADC_ConvCpltCallback	24	static,ignoring_inline_asm
../Core/Src/main.c:535:6:xReadTempFunction	24	static
../Core/Src/main.c:578:6:xSendCANFunction	16	static
../Core/Src/main.c:607:6:Error_Handler	8	static,ignoring_inline_asm
